---
source: crates/cli/src/commands/add.rs
expression: get_all_folders(&dir.path().to_path_buf())
---
[
    "node_modules",
    "node_modules/.pacquet",
    "node_modules/.pacquet/is-buffer@1.1.6",
    "node_modules/.pacquet/is-buffer@1.1.6/node_modules",
    "node_modules/.pacquet/is-buffer@1.1.6/node_modules/is-buffer",
    "node_modules/.pacquet/is-buffer@1.1.6/node_modules/is-buffer/test",
    "node_modules/.pacquet/is-even@1.0.0",
    "node_modules/.pacquet/is-even@1.0.0/node_modules",
    "node_modules/.pacquet/is-even@1.0.0/node_modules/is-even",
    "node_modules/.pacquet/is-even@1.0.0/node_modules/is-odd",
    "node_modules/.pacquet/is-number@3.0.0",
    "node_modules/.pacquet/is-number@3.0.0/node_modules",
    "node_modules/.pacquet/is-number@3.0.0/node_modules/is-number",
    "node_modules/.pacquet/is-number@3.0.0/node_modules/kind-of",
    "node_modules/.pacquet/is-odd@0.1.2",
    "node_modules/.pacquet/is-odd@0.1.2/node_modules",
    "node_modules/.pacquet/is-odd@0.1.2/node_modules/is-number",
    "node_modules/.pacquet/is-odd@0.1.2/node_modules/is-odd",
    "node_modules/.pacquet/kind-of@3.2.2",
    "node_modules/.pacquet/kind-of@3.2.2/node_modules",
    "node_modules/.pacquet/kind-of@3.2.2/node_modules/is-buffer",
    "node_modules/.pacquet/kind-of@3.2.2/node_modules/kind-of",
    "node_modules/is-even",
]
